[+] Containers:
 |- [+] Container: /Game/TopDown/Maps/TopDownMap
 |   |- [+] ActorDescs:
 |   |   |- Guid:147C8D134B12D635012D5F8C57D2C96F BaseClass: NativeClass:/Script/Engine.PostProcessVolume Name:PostProcessVolume_1 Label:PostProcessVolume SpatiallyLoaded:0 Bounds:IsValid=true, Min=(X=0.000 Y=0.000 Z=400.000), Max=(X=200.000 Y=200.000 Z=600.000) RuntimeGrid:None EditorOnly:0 RuntimeOnly:0 HLODRelevant:0 ListedInSceneOutliner:1 IsMainWorldOnly:0 FolderPath:Lighting FolderGuid:4C9334684BA61B42C769F799D2576455
 |   |   |- Guid:1742DF43475F097453197AA79C7473D9 BaseClass: NativeClass:/Script/Engine.SkyLight Name:SkyLight_1 Label:SkyLight SpatiallyLoaded:0 Bounds:IsValid=true, Min=(X=0.000 Y=0.000 Z=690.000), Max=(X=0.000 Y=0.000 Z=690.000) RuntimeGrid:None EditorOnly:0 RuntimeOnly:0 HLODRelevant:0 ListedInSceneOutliner:1 IsMainWorldOnly:0 FolderPath:Lighting FolderGuid:4C9334684BA61B42C769F799D2576455
 |   |   |- Guid:1997C0624EA4661BDF7B94BEC8D70BB1 BaseClass:/Game/Building/Resources/BeerIronOre/BP_BeerNode.BP_BeerNode_C NativeClass:/Script/Engine.Pawn Name:BP_BeerNode_C_UAID_00155D9F6C51596602_1990857871 Label:BP_BeerNode2 SpatiallyLoaded:1 Bounds:IsValid=true, Min=(X=8360.000 Y=6500.000 Z=-280.000), Max=(X=8960.000 Y=7100.000 Z=320.000) RuntimeGrid:None EditorOnly:0 RuntimeOnly:0 HLODRelevant:0 ListedInSceneOutliner:1 IsMainWorldOnly:0
 |   |   |- Guid:1A4276DE4C90A0D351D1F8BBE04FAD43 BaseClass:/Game/Map_Grid/BP_HexGrid.BP_HexGrid_C NativeClass:/Script/Engine.Actor Name:BP_HexGrid_C_UAID_00155D016A00CD1C02_1499329852 Label:BP_HexGrid SpatiallyLoaded:1 Bounds:IsValid=true, Min=(X=-155.015 Y=-89.498 Z=-19.874), Max=(X=15423.977 Y=13379.931 Z=24.874) RuntimeGrid:None EditorOnly:0 RuntimeOnly:0 HLODRelevant:0 ListedInSceneOutliner:1 IsMainWorldOnly:0
 |   |   |- Guid:1AB9B50649E723F542F68BA8B0B2ED20 BaseClass:/Game/Interface/Troops/BP_HERO.BP_HERO_C NativeClass:/Script/Engine.Pawn Name:BP_HERO_C_UAID_005056C000010A6402_1344214861 Label:BP_HERO SpatiallyLoaded:1 Bounds:IsValid=true, Min=(X=7280.000 Y=6740.000 Z=15.000), Max=(X=7380.000 Y=6840.000 Z=220.000) RuntimeGrid:None EditorOnly:0 RuntimeOnly:0 HLODRelevant:0 ListedInSceneOutliner:1 IsMainWorldOnly:0
 |   |   |- Guid:1CE7027445954A7EC9500A8CF6EE53B1 BaseClass:/Game/Interface/Troops/BP_Builder.BP_Builder_C NativeClass:/Script/Engine.Pawn Name:BP_Builder_C_UAID_509A4C4E5631215402_1708259007 Label:BP_Builder SpatiallyLoaded:1 Bounds:IsValid=true, Min=(X=650.000 Y=-80.000 Z=-444.250), Max=(X=810.000 Y=80.000 Z=-317.500) RuntimeGrid:None EditorOnly:0 RuntimeOnly:0 HLODRelevant:0 ListedInSceneOutliner:1 IsMainWorldOnly:0
 |   |   |- Guid:1FEC8FAC495CEF0CE32492ADCBB96BAE BaseClass: NativeClass:/Script/AIModule.NavLinkProxy Name:NavLinkProxy_3 Label:NavLinkProxy3 SpatiallyLoaded:1 Bounds:IsValid=true, Min=(X=2240.000 Y=1030.000 Z=90.000), Max=(X=2240.000 Y=1030.000 Z=90.000) RuntimeGrid:None EditorOnly:0 RuntimeOnly:0 HLODRelevant:0 ListedInSceneOutliner:1 IsMainWorldOnly:0 FolderPath:Navigation FolderGuid:AE45D61F453CC144CF8289862C276E89
 |   |   |- Guid:20C8810A4E46F8BA8A5B52B0CCE83D22 BaseClass:/Game/Interface/Troops/BP_HERO.BP_HERO_C NativeClass:/Script/Engine.Pawn Name:builder_C_UAID_00155D8B73D8A63502_2050426680 Label:builder SpatiallyLoaded:1 Bounds:IsValid=true, Min=(X=580.000 Y=80.000 Z=-484.250), Max=(X=680.000 Y=180.000 Z=-475.750) RuntimeGrid:None EditorOnly:0 RuntimeOnly:0 HLODRelevant:0 ListedInSceneOutliner:1 IsMainWorldOnly:0
 |   |   |- Guid:2B1E44E74C96BDC0528AB8858A425CDE BaseClass:/Game/Interface/Troops/BP_HERO.BP_HERO_C NativeClass:/Script/Engine.Pawn Name:BP_HERO_C_UAID_509A4C4E56312B4E02_1261763433 Label:BP_HERO SpatiallyLoaded:1 Bounds:IsValid=true, Min=(X=720.000 Y=170.000 Z=-424.250), Max=(X=820.000 Y=270.000 Z=-415.750) RuntimeGrid:None EditorOnly:0 RuntimeOnly:0 HLODRelevant:0 ListedInSceneOutliner:1 IsMainWorldOnly:0
 |   |   |- Guid:2DF0D95440BE0EDA81652F860DC7268E BaseClass: NativeClass:/Script/Engine.WorldDataLayers Name:WorldDataLayers Label:WorldDataLayers SpatiallyLoaded:0 Bounds:Invalid RuntimeGrid:None EditorOnly:0 RuntimeOnly:0 HLODRelevant:0 ListedInSceneOutliner:1 IsMainWorldOnly:1
 |   |   |- Guid:44C009924025D10008AC90967C90B86D BaseClass:/Game/Building/Buildings/BP_BuildingSelectable.BP_BuildingSelectable_C NativeClass:/Script/Engine.Pawn Name:BP_BuildingSelectable_C_UAID_00155D9F6C515C6602_1667749399 Label:BP_BuildingSelectable SpatiallyLoaded:1 Bounds:IsValid=true, Min=(X=8625.000 Y=7110.000 Z=7.500), Max=(X=9275.000 Y=7210.000 Z=32.500) RuntimeGrid:None EditorOnly:0 RuntimeOnly:0 HLODRelevant:0 ListedInSceneOutliner:1 IsMainWorldOnly:0
 |   |   |- Guid:516854E14C06D9CC7D34A6A78A096889 BaseClass:/Game/Interface/Troops/BP_tank.BP_tank_C NativeClass:/Script/Engine.Pawn Name:BP_tank_C_UAID_005056C000010A6402_1357728866 Label:BP_tank2 SpatiallyLoaded:1 Bounds:IsValid=true, Min=(X=7890.000 Y=7740.000 Z=15.000), Max=(X=7990.000 Y=7840.000 Z=220.000) RuntimeGrid:None EditorOnly:0 RuntimeOnly:0 HLODRelevant:0 ListedInSceneOutliner:1 IsMainWorldOnly:0
 |   |   |- Guid:6252C7D64ACF162A73EE65B11FE214D1 BaseClass: NativeClass:/Script/Engine.SkyAtmosphere Name:SkyAtmosphere_1 Label:SkyAtmosphere SpatiallyLoaded:0 Bounds:IsValid=true, Min=(X=0.000 Y=0.000 Z=1020.000), Max=(X=0.000 Y=0.000 Z=1020.000) RuntimeGrid:None EditorOnly:0 RuntimeOnly:0 HLODRelevant:0 ListedInSceneOutliner:1 IsMainWorldOnly:0 FolderPath:Lighting FolderGuid:4C9334684BA61B42C769F799D2576455
 |   |   |- Guid:64F983684C55238AEE7BE8A48B870FBE BaseClass: NativeClass:/Script/NavigationSystem.NavMeshBoundsVolume Name:NavMeshBoundsVolume_UAID_50C2E8DFA3306E3802_2140386993 Label:NavMeshBoundsVolume SpatiallyLoaded:0 Bounds:IsValid=true, Min=(X=-355.000 Y=-915.000 Z=-100.000), Max=(X=15795.000 Y=14235.000 Z=100.000) RuntimeGrid:None EditorOnly:0 RuntimeOnly:0 HLODRelevant:0 ListedInSceneOutliner:1 IsMainWorldOnly:0
 |   |   |- Guid:66BCBF874D2A22ADC6523B95EE812CA3 BaseClass: NativeClass:/Script/Engine.StaticMeshActor Name:StaticMeshActor_UAID_A4AE111137DC5CFB00_1660657071 Label:SM_SkySphere SpatiallyLoaded:0 Bounds:IsValid=true, Min=(X=-1638400.000 Y=-1638400.000 Z=-1638400.000), Max=(X=1638400.000 Y=1638400.000 Z=1638400.000) RuntimeGrid:None EditorOnly:0 RuntimeOnly:0 HLODRelevant:1 ListedInSceneOutliner:1 IsMainWorldOnly:0 FolderPath:Lighting FolderGuid:4C9334684BA61B42C769F799D2576455
 |   |   |- Guid:6851E95049702BF34448ACA8841EFC3F BaseClass:/Game/Interface/Troops/Troop1.Troop1_C NativeClass:/Script/Engine.Pawn Name:Troop1_C_UAID_50C2E8DFA330452602_1126007768 Label:Troop3 SpatiallyLoaded:1 Bounds:IsValid=true, Min=(X=310.000 Y=100.000 Z=-480.000), Max=(X=410.000 Y=200.000 Z=-380.000) RuntimeGrid:None EditorOnly:0 RuntimeOnly:0 HLODRelevant:0 ListedInSceneOutliner:1 IsMainWorldOnly:0
 |   |   |- Guid:6AB53BAF4DF74DF10E10468FABAFCFBE BaseClass:/Game/TemporaryStandinClasses/BP_attackThis.BP_attackThis_C NativeClass:/Script/Engine.Pawn Name:BP_attackThis_C_UAID_50C2E8DFA3306E3802_1790724992 Label:BP_attackThis SpatiallyLoaded:1 Bounds:IsValid=true, Min=(X=930.000 Y=30.000 Z=-780.000), Max=(X=1530.000 Y=630.000 Z=-180.000) RuntimeGrid:None EditorOnly:0 RuntimeOnly:0 HLODRelevant:0 ListedInSceneOutliner:1 IsMainWorldOnly:0
 |   |   |- Guid:72F3870A473CD79EC54CC1BCAE94834D BaseClass:/Game/Interface/Troops/BP_bomber.BP_bomber_C NativeClass:/Script/Engine.Pawn Name:BP_bomber_C_UAID_005056C000010A6402_1317992856 Label:BP_bomber SpatiallyLoaded:1 Bounds:IsValid=true, Min=(X=7280.000 Y=7430.000 Z=15.000), Max=(X=7380.000 Y=7530.000 Z=220.000) RuntimeGrid:None EditorOnly:0 RuntimeOnly:0 HLODRelevant:0 ListedInSceneOutliner:1 IsMainWorldOnly:0
 |   |   |- Guid:75B60462448E4E68CBE85AA5BBBAE57A BaseClass:/Game/Interface/Troops/BP_Builder.BP_Builder_C NativeClass:/Script/Engine.Pawn Name:BP_Builder_C_UAID_005056C000010A6402_1332134858 Label:BP_Builder SpatiallyLoaded:1 Bounds:IsValid=true, Min=(X=7530.000 Y=7530.000 Z=15.000), Max=(X=7690.000 Y=7690.000 Z=220.000) RuntimeGrid:None EditorOnly:0 RuntimeOnly:0 HLODRelevant:0 ListedInSceneOutliner:1 IsMainWorldOnly:0
 |   |   |- Guid:77F893B3468595EE782136AD620D7EF4 BaseClass: NativeClass:/Script/Engine.VolumetricCloud Name:VolumetricCloud_0 Label:VolumetricCloud SpatiallyLoaded:0 Bounds:IsValid=true, Min=(X=0.000 Y=0.000 Z=820.000), Max=(X=0.000 Y=0.000 Z=820.000) RuntimeGrid:None EditorOnly:0 RuntimeOnly:0 HLODRelevant:0 ListedInSceneOutliner:1 IsMainWorldOnly:0 FolderPath:Lighting FolderGuid:4C9334684BA61B42C769F799D2576455
 |   |   |- Guid:7B1828C843A85FC2AA239B8AA0C362C9 BaseClass:/Game/Interface/Troops/BP_HERO.BP_HERO_C NativeClass:/Script/Engine.Pawn Name:BP_HERO_C_UAID_005056C000010A6402_1346793862 Label:BP_HERO2 SpatiallyLoaded:1 Bounds:IsValid=true, Min=(X=7990.000 Y=6830.000 Z=15.000), Max=(X=8090.000 Y=6930.000 Z=220.000) RuntimeGrid:None EditorOnly:0 RuntimeOnly:0 HLODRelevant:0 ListedInSceneOutliner:1 IsMainWorldOnly:0
 |   |   |- Guid:831469FE4AEE2C86A8810DA94F4C3697 BaseClass:/Game/Interface/Troops/Troop1.Troop1_C NativeClass:/Script/Engine.Pawn Name:Troop1_C_UAID_50C2E8DFA330432602_2132238415 Label:Troop2 SpatiallyLoaded:1 Bounds:IsValid=true, Min=(X=430.000 Y=-90.000 Z=-480.000), Max=(X=530.000 Y=10.000 Z=-380.000) RuntimeGrid:None EditorOnly:0 RuntimeOnly:0 HLODRelevant:0 ListedInSceneOutliner:1 IsMainWorldOnly:0
 |   |   |- Guid:8CABF18846436ECC8098C19B70C174E2 BaseClass:/Game/Interface/Troops/BP_bomber.BP_bomber_C NativeClass:/Script/Engine.Pawn Name:BP_bomber_C_UAID_005056C000010A6402_1320979857 Label:BP_bomber2 SpatiallyLoaded:1 Bounds:IsValid=true, Min=(X=7870.000 Y=7380.000 Z=15.000), Max=(X=7970.000 Y=7480.000 Z=220.000) RuntimeGrid:None EditorOnly:0 RuntimeOnly:0 HLODRelevant:0 ListedInSceneOutliner:1 IsMainWorldOnly:0
 |   |   |- Guid:9018ACB344B70DA8809343A07F04E02C BaseClass: NativeClass:/Script/NavigationSystem.RecastNavMesh Name:RecastNavMesh_UAID_50C2E8DFA3306E3802-Default Label:RecastNavMesh-Default SpatiallyLoaded:0 Bounds:IsValid=true, Min=(X=0.000 Y=0.000 Z=0.000), Max=(X=0.000 Y=0.000 Z=0.000) RuntimeGrid:None EditorOnly:0 RuntimeOnly:0 HLODRelevant:0 ListedInSceneOutliner:1 IsMainWorldOnly:0
 |   |   |- Guid:931F7B7B44BDF0BC4F35B3A31FF17447 BaseClass:/Game/Building/Buildings/Trailer/BP_Trailer.BP_Trailer_C NativeClass:/Script/Engine.Pawn Name:BP_Trailer_C_UAID_509A4C4E5631695B02_1769376071 Label:BP_Trailer SpatiallyLoaded:1 Bounds:IsValid=true, Min=(X=1540.000 Y=-1950.000 Z=-780.000), Max=(X=2140.000 Y=-1350.000 Z=-180.000) RuntimeGrid:None EditorOnly:0 RuntimeOnly:0 HLODRelevant:0 ListedInSceneOutliner:1 IsMainWorldOnly:0
 |   |   |- Guid:9769176044ABB06E89104FB675398EFC BaseClass:/Game/Interface/Troops/Troop1.Troop1_C NativeClass:/Script/Engine.Pawn Name:Troop1_C_UAID_00155D016A00802202_1869426927 Label:Troop1 SpatiallyLoaded:1 Bounds:IsValid=true, Min=(X=180.000 Y=-100.000 Z=-480.000), Max=(X=280.000 Y=0.000 Z=-380.000) RuntimeGrid:None EditorOnly:0 RuntimeOnly:0 HLODRelevant:0 ListedInSceneOutliner:1 IsMainWorldOnly:0
 |   |   |- Guid:9A6697264A5D859E00774D85DC793006 BaseClass:/Game/Interface/Troops/BP_spearman.BP_spearman_C NativeClass:/Script/Engine.Pawn Name:BP_spearman_C_UAID_005056C000010A6402_1350406863 Label:BP_spearman SpatiallyLoaded:1 Bounds:IsValid=true, Min=(X=7190.000 Y=7010.000 Z=15.000), Max=(X=7301.500 Y=7110.000 Z=220.000) RuntimeGrid:None EditorOnly:0 RuntimeOnly:0 HLODRelevant:0 ListedInSceneOutliner:1 IsMainWorldOnly:0
 |   |   |- Guid:9BBA206C48495F8D293065AEB5695D52 BaseClass:/Game/Building/Resources/CashWood/BP_CashNode.BP_CashNode_C NativeClass:/Script/Engine.Pawn Name:BP_CashNode_C_UAID_509A4C4E5631E45C02_1227573775 Label:BP_CashNode SpatiallyLoaded:1 Bounds:IsValid=true, Min=(X=1500.000 Y=-1070.000 Z=-780.000), Max=(X=2100.000 Y=-470.000 Z=-180.000) RuntimeGrid:None EditorOnly:0 RuntimeOnly:0 HLODRelevant:0 ListedInSceneOutliner:1 IsMainWorldOnly:0
 |   |   |- Guid:A3A5338244BCC122C2D8149E6C3EBECF BaseClass:/Game/Building/Actors/BP_SunRotation.BP_SunRotation_C NativeClass:/Script/Engine.Actor Name:BP_SunRotation_C_UAID_00155D8B73D8313202_1859531919 Label:BP_SunRotation SpatiallyLoaded:1 Bounds:IsValid=true, Min=(X=0.000 Y=0.000 Z=0.000), Max=(X=0.000 Y=0.000 Z=0.000) RuntimeGrid:None EditorOnly:0 RuntimeOnly:0 HLODRelevant:0 ListedInSceneOutliner:1 IsMainWorldOnly:0 FolderPath:Lighting FolderGuid:4C9334684BA61B42C769F799D2576455
 |   |   |- Guid:A53282F6408AB70D1C91688F805FECA2 BaseClass:/Game/Interface/Troops/BP_tank.BP_tank_C NativeClass:/Script/Engine.Pawn Name:BP_tank_C_UAID_005056C000010A6402_1355593865 Label:BP_tank SpatiallyLoaded:1 Bounds:IsValid=true, Min=(X=7180.000 Y=7740.000 Z=15.000), Max=(X=7280.000 Y=7840.000 Z=220.000) RuntimeGrid:None EditorOnly:0 RuntimeOnly:0 HLODRelevant:0 ListedInSceneOutliner:1 IsMainWorldOnly:0
 |   |   |- Guid:A730BEE74E14624BD26F2F84345F006A BaseClass:/Game/Interface/Troops/BP_gunner.BP_gunner_C NativeClass:/Script/Engine.Pawn Name:BP_gunner_C_UAID_005056C000010A6402_1337228859 Label:BP_gunner SpatiallyLoaded:1 Bounds:IsValid=true, Min=(X=7110.000 Y=7300.000 Z=15.000), Max=(X=7210.000 Y=7400.000 Z=220.000) RuntimeGrid:None EditorOnly:0 RuntimeOnly:0 HLODRelevant:0 ListedInSceneOutliner:1 IsMainWorldOnly:0
 |   |   |- Guid:A825968047C3F1FE2FD6E2A754B0C25C BaseClass:/Game/Interface/Troops/BP_gunner.BP_gunner_C NativeClass:/Script/Engine.Pawn Name:BP_gunner_C_UAID_005056C000010A6402_1339296860 Label:BP_gunner2 SpatiallyLoaded:1 Bounds:IsValid=true, Min=(X=8040.000 Y=7230.000 Z=15.000), Max=(X=8140.000 Y=7330.000 Z=220.000) RuntimeGrid:None EditorOnly:0 RuntimeOnly:0 HLODRelevant:0 ListedInSceneOutliner:1 IsMainWorldOnly:0
 |   |   |- Guid:AECEEEE741E6DE68F6843FA49564A956 BaseClass: NativeClass:/Script/Engine.DirectionalLight Name:DirectionalLight_1 Label:DirectionalLight SpatiallyLoaded:0 Bounds:IsValid=true, Min=(X=-4398046511104.000 Y=-4398046511104.000 Z=-4398046511104.000), Max=(X=4398046511104.000 Y=4398046511104.000 Z=4398046511104.000) RuntimeGrid:None EditorOnly:0 RuntimeOnly:0 HLODRelevant:0 ListedInSceneOutliner:1 IsMainWorldOnly:0 FolderPath:Lighting FolderGuid:4C9334684BA61B42C769F799D2576455
 |   |   |- Guid:B09C3A004D32B6FF970B3E9294DA3C81 BaseClass: NativeClass:/Script/Engine.StaticMeshActor Name:StaticMeshActor_UAID_00155D8B73D8CF1B02_1199787442 Label:Hexgridactor SpatiallyLoaded:1 Bounds:IsValid=true, Min=(X=920.000 Y=1810.000 Z=0.000), Max=(X=920.000 Y=1810.000 Z=0.000) RuntimeGrid:None EditorOnly:0 RuntimeOnly:0 HLODRelevant:0 ListedInSceneOutliner:1 IsMainWorldOnly:0
 |   |   |- Guid:B638F0CA47CE45A13171429FCE03FC6E BaseClass: NativeClass:/Script/Engine.PlayerStart Name:PlayerStart_UAID_50C2E8DFA330541F02_1506775015 Label:PlayerStart SpatiallyLoaded:0 Bounds:IsValid=true, Min=(X=7640.000 Y=8090.000 Z=138.000), Max=(X=7720.000 Y=8170.000 Z=322.000) RuntimeGrid:None EditorOnly:0 RuntimeOnly:0 HLODRelevant:0 ListedInSceneOutliner:1 IsMainWorldOnly:0
 |   |   |- Guid:BCE0A65F4167BD00AFCE4EB448B84B38 BaseClass:/Game/Building/Resources/CashWood/BP_CashNode.BP_CashNode_C NativeClass:/Script/Engine.Pawn Name:BP_CashNode_C_UAID_00155D9F6C51596602_1996558872 Label:BP_CashNode2 SpatiallyLoaded:1 Bounds:IsValid=true, Min=(X=6120.000 Y=6440.000 Z=-280.000), Max=(X=6720.000 Y=7040.000 Z=320.000) RuntimeGrid:None EditorOnly:0 RuntimeOnly:0 HLODRelevant:0 ListedInSceneOutliner:1 IsMainWorldOnly:0
 |   |   |- Guid:BF845B744909837C3BBE73957379233F BaseClass:/Game/TroopMover/BP_vehicle.BP_vehicle_C NativeClass:/Script/Engine.Pawn Name:BP_vehicle_C_UAID_282E89298AFDF14602_1200875831 Label:BP_vehicle SpatiallyLoaded:1 Bounds:IsValid=true, Min=(X=230.000 Y=670.000 Z=-485.000), Max=(X=330.000 Y=770.000 Z=-391.000) RuntimeGrid:None EditorOnly:0 RuntimeOnly:0 HLODRelevant:0 ListedInSceneOutliner:1 IsMainWorldOnly:0
 |   |   |- Guid:C13F2DD345834663786EB5A4CD5EACB0 BaseClass:/Game/Interface/Troops/BP_spearman.BP_spearman_C NativeClass:/Script/Engine.Pawn Name:BP_spearman_C_UAID_005056C000010A6402_1352656864 Label:BP_spearman2 SpatiallyLoaded:1 Bounds:IsValid=true, Min=(X=7990.000 Y=7080.000 Z=15.000), Max=(X=8101.500 Y=7180.000 Z=220.000) RuntimeGrid:None EditorOnly:0 RuntimeOnly:0 HLODRelevant:0 ListedInSceneOutliner:1 IsMainWorldOnly:0
 |   |   |- Guid:C3E63CFE4A058EF6AD50E0B3F7D30922 BaseClass:/Game/Building/Resources/DipSteel/BP_DipNode.BP_DipNode_C NativeClass:/Script/Engine.Pawn Name:BP_DipNode_C_UAID_509A4C4E5631E45C02_1233371776 Label:BP_DipNode SpatiallyLoaded:1 Bounds:IsValid=true, Min=(X=2680.000 Y=-1070.000 Z=-780.000), Max=(X=3280.000 Y=-470.000 Z=-180.000) RuntimeGrid:None EditorOnly:0 RuntimeOnly:0 HLODRelevant:0 ListedInSceneOutliner:1 IsMainWorldOnly:0
 |   |   |- Guid:C9BC9B6F4AA12D2E3C3DC0BF58B785F3 BaseClass:/Game/Interface/Troops/BP_Builder.BP_Builder_C NativeClass:/Script/Engine.Pawn Name:BP_Builder_C_UAID_00155D016A002E6402_1836860191 Label:BP_Builder2 SpatiallyLoaded:1 Bounds:IsValid=true, Min=(X=7660.000 Y=7540.000 Z=15.000), Max=(X=7820.000 Y=7700.000 Z=220.000) RuntimeGrid:None EditorOnly:0 RuntimeOnly:0 HLODRelevant:0 ListedInSceneOutliner:1 IsMainWorldOnly:0
 |   |   |- Guid:C9DE3A8E4D8C48C171008ABE2D549AA4 BaseClass:/Game/Building/Buildings/Trailer/BP_Trailer.BP_Trailer_C NativeClass:/Script/Engine.Pawn Name:BP_Trailer_C_UAID_005056C000010A6402_1288589855 Label:BP_Trailer SpatiallyLoaded:1 Bounds:IsValid=true, Min=(X=7370.000 Y=6780.000 Z=-280.000), Max=(X=7970.000 Y=7380.000 Z=320.000) RuntimeGrid:None EditorOnly:0 RuntimeOnly:0 HLODRelevant:0 ListedInSceneOutliner:1 IsMainWorldOnly:0
 |   |   |- Guid:D24D61B944EF71BE7BC469B7EB239299 BaseClass: NativeClass:/Script/Engine.ExponentialHeightFog Name:ExponentialHeightFog_1 Label:ExponentialHeightFog SpatiallyLoaded:0 Bounds:IsValid=true, Min=(X=-5600.000 Y=-50.000 Z=-6850.000), Max=(X=-5600.000 Y=-50.000 Z=-6850.000) RuntimeGrid:None EditorOnly:0 RuntimeOnly:0 HLODRelevant:0 ListedInSceneOutliner:1 IsMainWorldOnly:0 FolderPath:Lighting FolderGuid:4C9334684BA61B42C769F799D2576455
 |   |   |- Guid:DD4A44424FAA40A30B44AFBBA30B322E BaseClass:/Game/Building/Resources/BeerIronOre/BP_BeerNode.BP_BeerNode_C NativeClass:/Script/Engine.Pawn Name:BP_BeerNode_C_UAID_509A4C4E56315E5B02_1959802135 Label:BP_BeerNode SpatiallyLoaded:1 Bounds:IsValid=true, Min=(X=400.000 Y=-1060.000 Z=-780.000), Max=(X=1000.000 Y=-460.000 Z=-180.000) RuntimeGrid:None EditorOnly:0 RuntimeOnly:0 HLODRelevant:0 ListedInSceneOutliner:1 IsMainWorldOnly:0
 |   |   |- Guid:EED958374D76B70893225B8C93105B6C BaseClass:/Game/Building/Resources/DipSteel/BP_DipNode.BP_DipNode_C NativeClass:/Script/Engine.Pawn Name:BP_DipNode_C_UAID_00155D9F6C51596602_2004710873 Label:BP_DipNode2 SpatiallyLoaded:1 Bounds:IsValid=true, Min=(X=8080.000 Y=7560.000 Z=-280.000), Max=(X=8680.000 Y=8160.000 Z=320.000) RuntimeGrid:None EditorOnly:0 RuntimeOnly:0 HLODRelevant:0 ListedInSceneOutliner:1 IsMainWorldOnly:0
 |   |- [+] Clusters:
 |   |   |- [+] [  0]
 |   |   |   |- Guid:147C8D134B12D635012D5F8C57D2C96F BaseClass: NativeClass:/Script/Engine.PostProcessVolume Name:PostProcessVolume_1 Label:PostProcessVolume SpatiallyLoaded:0 Bounds:IsValid=true, Min=(X=0.000 Y=0.000 Z=400.000), Max=(X=200.000 Y=200.000 Z=600.000) RuntimeGrid:None EditorOnly:0 RuntimeOnly:0 HLODRelevant:0 ListedInSceneOutliner:1 IsMainWorldOnly:0 FolderPath:Lighting FolderGuid:4C9334684BA61B42C769F799D2576455
 |   |   |- [+] [  1]
 |   |   |   |- Guid:1742DF43475F097453197AA79C7473D9 BaseClass: NativeClass:/Script/Engine.SkyLight Name:SkyLight_1 Label:SkyLight SpatiallyLoaded:0 Bounds:IsValid=true, Min=(X=0.000 Y=0.000 Z=690.000), Max=(X=0.000 Y=0.000 Z=690.000) RuntimeGrid:None EditorOnly:0 RuntimeOnly:0 HLODRelevant:0 ListedInSceneOutliner:1 IsMainWorldOnly:0 FolderPath:Lighting FolderGuid:4C9334684BA61B42C769F799D2576455
 |   |   |- [+] [  2]
 |   |   |   |- Guid:1997C0624EA4661BDF7B94BEC8D70BB1 BaseClass:/Game/Building/Resources/BeerIronOre/BP_BeerNode.BP_BeerNode_C NativeClass:/Script/Engine.Pawn Name:BP_BeerNode_C_UAID_00155D9F6C51596602_1990857871 Label:BP_BeerNode2 SpatiallyLoaded:1 Bounds:IsValid=true, Min=(X=8360.000 Y=6500.000 Z=-280.000), Max=(X=8960.000 Y=7100.000 Z=320.000) RuntimeGrid:None EditorOnly:0 RuntimeOnly:0 HLODRelevant:0 ListedInSceneOutliner:1 IsMainWorldOnly:0
 |   |   |- [+] [  3]
 |   |   |   |- Guid:1A4276DE4C90A0D351D1F8BBE04FAD43 BaseClass:/Game/Map_Grid/BP_HexGrid.BP_HexGrid_C NativeClass:/Script/Engine.Actor Name:BP_HexGrid_C_UAID_00155D016A00CD1C02_1499329852 Label:BP_HexGrid SpatiallyLoaded:1 Bounds:IsValid=true, Min=(X=-155.015 Y=-89.498 Z=-19.874), Max=(X=15423.977 Y=13379.931 Z=24.874) RuntimeGrid:None EditorOnly:0 RuntimeOnly:0 HLODRelevant:0 ListedInSceneOutliner:1 IsMainWorldOnly:0
 |   |   |- [+] [  4]
 |   |   |   |- Guid:1AB9B50649E723F542F68BA8B0B2ED20 BaseClass:/Game/Interface/Troops/BP_HERO.BP_HERO_C NativeClass:/Script/Engine.Pawn Name:BP_HERO_C_UAID_005056C000010A6402_1344214861 Label:BP_HERO SpatiallyLoaded:1 Bounds:IsValid=true, Min=(X=7280.000 Y=6740.000 Z=15.000), Max=(X=7380.000 Y=6840.000 Z=220.000) RuntimeGrid:None EditorOnly:0 RuntimeOnly:0 HLODRelevant:0 ListedInSceneOutliner:1 IsMainWorldOnly:0
 |   |   |- [+] [  5]
 |   |   |   |- Guid:1CE7027445954A7EC9500A8CF6EE53B1 BaseClass:/Game/Interface/Troops/BP_Builder.BP_Builder_C NativeClass:/Script/Engine.Pawn Name:BP_Builder_C_UAID_509A4C4E5631215402_1708259007 Label:BP_Builder SpatiallyLoaded:1 Bounds:IsValid=true, Min=(X=650.000 Y=-80.000 Z=-444.250), Max=(X=810.000 Y=80.000 Z=-317.500) RuntimeGrid:None EditorOnly:0 RuntimeOnly:0 HLODRelevant:0 ListedInSceneOutliner:1 IsMainWorldOnly:0
 |   |   |- [+] [  6]
 |   |   |   |- Guid:1FEC8FAC495CEF0CE32492ADCBB96BAE BaseClass: NativeClass:/Script/AIModule.NavLinkProxy Name:NavLinkProxy_3 Label:NavLinkProxy3 SpatiallyLoaded:1 Bounds:IsValid=true, Min=(X=2240.000 Y=1030.000 Z=90.000), Max=(X=2240.000 Y=1030.000 Z=90.000) RuntimeGrid:None EditorOnly:0 RuntimeOnly:0 HLODRelevant:0 ListedInSceneOutliner:1 IsMainWorldOnly:0 FolderPath:Navigation FolderGuid:AE45D61F453CC144CF8289862C276E89
 |   |   |- [+] [  7]
 |   |   |   |- Guid:20C8810A4E46F8BA8A5B52B0CCE83D22 BaseClass:/Game/Interface/Troops/BP_HERO.BP_HERO_C NativeClass:/Script/Engine.Pawn Name:builder_C_UAID_00155D8B73D8A63502_2050426680 Label:builder SpatiallyLoaded:1 Bounds:IsValid=true, Min=(X=580.000 Y=80.000 Z=-484.250), Max=(X=680.000 Y=180.000 Z=-475.750) RuntimeGrid:None EditorOnly:0 RuntimeOnly:0 HLODRelevant:0 ListedInSceneOutliner:1 IsMainWorldOnly:0
 |   |   |- [+] [  8]
 |   |   |   |- Guid:2B1E44E74C96BDC0528AB8858A425CDE BaseClass:/Game/Interface/Troops/BP_HERO.BP_HERO_C NativeClass:/Script/Engine.Pawn Name:BP_HERO_C_UAID_509A4C4E56312B4E02_1261763433 Label:BP_HERO SpatiallyLoaded:1 Bounds:IsValid=true, Min=(X=720.000 Y=170.000 Z=-424.250), Max=(X=820.000 Y=270.000 Z=-415.750) RuntimeGrid:None EditorOnly:0 RuntimeOnly:0 HLODRelevant:0 ListedInSceneOutliner:1 IsMainWorldOnly:0
 |   |   |- [+] [  9]
 |   |   |   |- Guid:2DF0D95440BE0EDA81652F860DC7268E BaseClass: NativeClass:/Script/Engine.WorldDataLayers Name:WorldDataLayers Label:WorldDataLayers SpatiallyLoaded:0 Bounds:Invalid RuntimeGrid:None EditorOnly:0 RuntimeOnly:0 HLODRelevant:0 ListedInSceneOutliner:1 IsMainWorldOnly:1
 |   |   |- [+] [ 10]
 |   |   |   |- Guid:44C009924025D10008AC90967C90B86D BaseClass:/Game/Building/Buildings/BP_BuildingSelectable.BP_BuildingSelectable_C NativeClass:/Script/Engine.Pawn Name:BP_BuildingSelectable_C_UAID_00155D9F6C515C6602_1667749399 Label:BP_BuildingSelectable SpatiallyLoaded:1 Bounds:IsValid=true, Min=(X=8625.000 Y=7110.000 Z=7.500), Max=(X=9275.000 Y=7210.000 Z=32.500) RuntimeGrid:None EditorOnly:0 RuntimeOnly:0 HLODRelevant:0 ListedInSceneOutliner:1 IsMainWorldOnly:0
 |   |   |- [+] [ 11]
 |   |   |   |- Guid:516854E14C06D9CC7D34A6A78A096889 BaseClass:/Game/Interface/Troops/BP_tank.BP_tank_C NativeClass:/Script/Engine.Pawn Name:BP_tank_C_UAID_005056C000010A6402_1357728866 Label:BP_tank2 SpatiallyLoaded:1 Bounds:IsValid=true, Min=(X=7890.000 Y=7740.000 Z=15.000), Max=(X=7990.000 Y=7840.000 Z=220.000) RuntimeGrid:None EditorOnly:0 RuntimeOnly:0 HLODRelevant:0 ListedInSceneOutliner:1 IsMainWorldOnly:0
 |   |   |- [+] [ 12]
 |   |   |   |- Guid:6252C7D64ACF162A73EE65B11FE214D1 BaseClass: NativeClass:/Script/Engine.SkyAtmosphere Name:SkyAtmosphere_1 Label:SkyAtmosphere SpatiallyLoaded:0 Bounds:IsValid=true, Min=(X=0.000 Y=0.000 Z=1020.000), Max=(X=0.000 Y=0.000 Z=1020.000) RuntimeGrid:None EditorOnly:0 RuntimeOnly:0 HLODRelevant:0 ListedInSceneOutliner:1 IsMainWorldOnly:0 FolderPath:Lighting FolderGuid:4C9334684BA61B42C769F799D2576455
 |   |   |- [+] [ 13]
 |   |   |   |- Guid:64F983684C55238AEE7BE8A48B870FBE BaseClass: NativeClass:/Script/NavigationSystem.NavMeshBoundsVolume Name:NavMeshBoundsVolume_UAID_50C2E8DFA3306E3802_2140386993 Label:NavMeshBoundsVolume SpatiallyLoaded:0 Bounds:IsValid=true, Min=(X=-355.000 Y=-915.000 Z=-100.000), Max=(X=15795.000 Y=14235.000 Z=100.000) RuntimeGrid:None EditorOnly:0 RuntimeOnly:0 HLODRelevant:0 ListedInSceneOutliner:1 IsMainWorldOnly:0
 |   |   |- [+] [ 14]
 |   |   |   |- Guid:66BCBF874D2A22ADC6523B95EE812CA3 BaseClass: NativeClass:/Script/Engine.StaticMeshActor Name:StaticMeshActor_UAID_A4AE111137DC5CFB00_1660657071 Label:SM_SkySphere SpatiallyLoaded:0 Bounds:IsValid=true, Min=(X=-1638400.000 Y=-1638400.000 Z=-1638400.000), Max=(X=1638400.000 Y=1638400.000 Z=1638400.000) RuntimeGrid:None EditorOnly:0 RuntimeOnly:0 HLODRelevant:1 ListedInSceneOutliner:1 IsMainWorldOnly:0 FolderPath:Lighting FolderGuid:4C9334684BA61B42C769F799D2576455
 |   |   |- [+] [ 15]
 |   |   |   |- Guid:6851E95049702BF34448ACA8841EFC3F BaseClass:/Game/Interface/Troops/Troop1.Troop1_C NativeClass:/Script/Engine.Pawn Name:Troop1_C_UAID_50C2E8DFA330452602_1126007768 Label:Troop3 SpatiallyLoaded:1 Bounds:IsValid=true, Min=(X=310.000 Y=100.000 Z=-480.000), Max=(X=410.000 Y=200.000 Z=-380.000) RuntimeGrid:None EditorOnly:0 RuntimeOnly:0 HLODRelevant:0 ListedInSceneOutliner:1 IsMainWorldOnly:0
 |   |   |- [+] [ 16]
 |   |   |   |- Guid:6AB53BAF4DF74DF10E10468FABAFCFBE BaseClass:/Game/TemporaryStandinClasses/BP_attackThis.BP_attackThis_C NativeClass:/Script/Engine.Pawn Name:BP_attackThis_C_UAID_50C2E8DFA3306E3802_1790724992 Label:BP_attackThis SpatiallyLoaded:1 Bounds:IsValid=true, Min=(X=930.000 Y=30.000 Z=-780.000), Max=(X=1530.000 Y=630.000 Z=-180.000) RuntimeGrid:None EditorOnly:0 RuntimeOnly:0 HLODRelevant:0 ListedInSceneOutliner:1 IsMainWorldOnly:0
 |   |   |- [+] [ 17]
 |   |   |   |- Guid:72F3870A473CD79EC54CC1BCAE94834D BaseClass:/Game/Interface/Troops/BP_bomber.BP_bomber_C NativeClass:/Script/Engine.Pawn Name:BP_bomber_C_UAID_005056C000010A6402_1317992856 Label:BP_bomber SpatiallyLoaded:1 Bounds:IsValid=true, Min=(X=7280.000 Y=7430.000 Z=15.000), Max=(X=7380.000 Y=7530.000 Z=220.000) RuntimeGrid:None EditorOnly:0 RuntimeOnly:0 HLODRelevant:0 ListedInSceneOutliner:1 IsMainWorldOnly:0
 |   |   |- [+] [ 18]
 |   |   |   |- Guid:75B60462448E4E68CBE85AA5BBBAE57A BaseClass:/Game/Interface/Troops/BP_Builder.BP_Builder_C NativeClass:/Script/Engine.Pawn Name:BP_Builder_C_UAID_005056C000010A6402_1332134858 Label:BP_Builder SpatiallyLoaded:1 Bounds:IsValid=true, Min=(X=7530.000 Y=7530.000 Z=15.000), Max=(X=7690.000 Y=7690.000 Z=220.000) RuntimeGrid:None EditorOnly:0 RuntimeOnly:0 HLODRelevant:0 ListedInSceneOutliner:1 IsMainWorldOnly:0
 |   |   |- [+] [ 19]
 |   |   |   |- Guid:77F893B3468595EE782136AD620D7EF4 BaseClass: NativeClass:/Script/Engine.VolumetricCloud Name:VolumetricCloud_0 Label:VolumetricCloud SpatiallyLoaded:0 Bounds:IsValid=true, Min=(X=0.000 Y=0.000 Z=820.000), Max=(X=0.000 Y=0.000 Z=820.000) RuntimeGrid:None EditorOnly:0 RuntimeOnly:0 HLODRelevant:0 ListedInSceneOutliner:1 IsMainWorldOnly:0 FolderPath:Lighting FolderGuid:4C9334684BA61B42C769F799D2576455
 |   |   |- [+] [ 20]
 |   |   |   |- Guid:7B1828C843A85FC2AA239B8AA0C362C9 BaseClass:/Game/Interface/Troops/BP_HERO.BP_HERO_C NativeClass:/Script/Engine.Pawn Name:BP_HERO_C_UAID_005056C000010A6402_1346793862 Label:BP_HERO2 SpatiallyLoaded:1 Bounds:IsValid=true, Min=(X=7990.000 Y=6830.000 Z=15.000), Max=(X=8090.000 Y=6930.000 Z=220.000) RuntimeGrid:None EditorOnly:0 RuntimeOnly:0 HLODRelevant:0 ListedInSceneOutliner:1 IsMainWorldOnly:0
 |   |   |- [+] [ 21]
 |   |   |   |- Guid:831469FE4AEE2C86A8810DA94F4C3697 BaseClass:/Game/Interface/Troops/Troop1.Troop1_C NativeClass:/Script/Engine.Pawn Name:Troop1_C_UAID_50C2E8DFA330432602_2132238415 Label:Troop2 SpatiallyLoaded:1 Bounds:IsValid=true, Min=(X=430.000 Y=-90.000 Z=-480.000), Max=(X=530.000 Y=10.000 Z=-380.000) RuntimeGrid:None EditorOnly:0 RuntimeOnly:0 HLODRelevant:0 ListedInSceneOutliner:1 IsMainWorldOnly:0
 |   |   |- [+] [ 22]
 |   |   |   |- Guid:8CABF18846436ECC8098C19B70C174E2 BaseClass:/Game/Interface/Troops/BP_bomber.BP_bomber_C NativeClass:/Script/Engine.Pawn Name:BP_bomber_C_UAID_005056C000010A6402_1320979857 Label:BP_bomber2 SpatiallyLoaded:1 Bounds:IsValid=true, Min=(X=7870.000 Y=7380.000 Z=15.000), Max=(X=7970.000 Y=7480.000 Z=220.000) RuntimeGrid:None EditorOnly:0 RuntimeOnly:0 HLODRelevant:0 ListedInSceneOutliner:1 IsMainWorldOnly:0
 |   |   |- [+] [ 23]
 |   |   |   |- Guid:9018ACB344B70DA8809343A07F04E02C BaseClass: NativeClass:/Script/NavigationSystem.RecastNavMesh Name:RecastNavMesh_UAID_50C2E8DFA3306E3802-Default Label:RecastNavMesh-Default SpatiallyLoaded:0 Bounds:IsValid=true, Min=(X=0.000 Y=0.000 Z=0.000), Max=(X=0.000 Y=0.000 Z=0.000) RuntimeGrid:None EditorOnly:0 RuntimeOnly:0 HLODRelevant:0 ListedInSceneOutliner:1 IsMainWorldOnly:0
 |   |   |- [+] [ 24]
 |   |   |   |- Guid:931F7B7B44BDF0BC4F35B3A31FF17447 BaseClass:/Game/Building/Buildings/Trailer/BP_Trailer.BP_Trailer_C NativeClass:/Script/Engine.Pawn Name:BP_Trailer_C_UAID_509A4C4E5631695B02_1769376071 Label:BP_Trailer SpatiallyLoaded:1 Bounds:IsValid=true, Min=(X=1540.000 Y=-1950.000 Z=-780.000), Max=(X=2140.000 Y=-1350.000 Z=-180.000) RuntimeGrid:None EditorOnly:0 RuntimeOnly:0 HLODRelevant:0 ListedInSceneOutliner:1 IsMainWorldOnly:0
 |   |   |- [+] [ 25]
 |   |   |   |- Guid:9769176044ABB06E89104FB675398EFC BaseClass:/Game/Interface/Troops/Troop1.Troop1_C NativeClass:/Script/Engine.Pawn Name:Troop1_C_UAID_00155D016A00802202_1869426927 Label:Troop1 SpatiallyLoaded:1 Bounds:IsValid=true, Min=(X=180.000 Y=-100.000 Z=-480.000), Max=(X=280.000 Y=0.000 Z=-380.000) RuntimeGrid:None EditorOnly:0 RuntimeOnly:0 HLODRelevant:0 ListedInSceneOutliner:1 IsMainWorldOnly:0
 |   |   |- [+] [ 26]
 |   |   |   |- Guid:9A6697264A5D859E00774D85DC793006 BaseClass:/Game/Interface/Troops/BP_spearman.BP_spearman_C NativeClass:/Script/Engine.Pawn Name:BP_spearman_C_UAID_005056C000010A6402_1350406863 Label:BP_spearman SpatiallyLoaded:1 Bounds:IsValid=true, Min=(X=7190.000 Y=7010.000 Z=15.000), Max=(X=7301.500 Y=7110.000 Z=220.000) RuntimeGrid:None EditorOnly:0 RuntimeOnly:0 HLODRelevant:0 ListedInSceneOutliner:1 IsMainWorldOnly:0
 |   |   |- [+] [ 27]
 |   |   |   |- Guid:9BBA206C48495F8D293065AEB5695D52 BaseClass:/Game/Building/Resources/CashWood/BP_CashNode.BP_CashNode_C NativeClass:/Script/Engine.Pawn Name:BP_CashNode_C_UAID_509A4C4E5631E45C02_1227573775 Label:BP_CashNode SpatiallyLoaded:1 Bounds:IsValid=true, Min=(X=1500.000 Y=-1070.000 Z=-780.000), Max=(X=2100.000 Y=-470.000 Z=-180.000) RuntimeGrid:None EditorOnly:0 RuntimeOnly:0 HLODRelevant:0 ListedInSceneOutliner:1 IsMainWorldOnly:0
 |   |   |- [+] [ 28]
 |   |   |   |- Guid:A3A5338244BCC122C2D8149E6C3EBECF BaseClass:/Game/Building/Actors/BP_SunRotation.BP_SunRotation_C NativeClass:/Script/Engine.Actor Name:BP_SunRotation_C_UAID_00155D8B73D8313202_1859531919 Label:BP_SunRotation SpatiallyLoaded:1 Bounds:IsValid=true, Min=(X=0.000 Y=0.000 Z=0.000), Max=(X=0.000 Y=0.000 Z=0.000) RuntimeGrid:None EditorOnly:0 RuntimeOnly:0 HLODRelevant:0 ListedInSceneOutliner:1 IsMainWorldOnly:0 FolderPath:Lighting FolderGuid:4C9334684BA61B42C769F799D2576455
 |   |   |   |- Guid:AECEEEE741E6DE68F6843FA49564A956 BaseClass: NativeClass:/Script/Engine.DirectionalLight Name:DirectionalLight_1 Label:DirectionalLight SpatiallyLoaded:0 Bounds:IsValid=true, Min=(X=-4398046511104.000 Y=-4398046511104.000 Z=-4398046511104.000), Max=(X=4398046511104.000 Y=4398046511104.000 Z=4398046511104.000) RuntimeGrid:None EditorOnly:0 RuntimeOnly:0 HLODRelevant:0 ListedInSceneOutliner:1 IsMainWorldOnly:0 FolderPath:Lighting FolderGuid:4C9334684BA61B42C769F799D2576455
 |   |   |- [+] [ 29]
 |   |   |   |- Guid:A53282F6408AB70D1C91688F805FECA2 BaseClass:/Game/Interface/Troops/BP_tank.BP_tank_C NativeClass:/Script/Engine.Pawn Name:BP_tank_C_UAID_005056C000010A6402_1355593865 Label:BP_tank SpatiallyLoaded:1 Bounds:IsValid=true, Min=(X=7180.000 Y=7740.000 Z=15.000), Max=(X=7280.000 Y=7840.000 Z=220.000) RuntimeGrid:None EditorOnly:0 RuntimeOnly:0 HLODRelevant:0 ListedInSceneOutliner:1 IsMainWorldOnly:0
 |   |   |- [+] [ 30]
 |   |   |   |- Guid:A730BEE74E14624BD26F2F84345F006A BaseClass:/Game/Interface/Troops/BP_gunner.BP_gunner_C NativeClass:/Script/Engine.Pawn Name:BP_gunner_C_UAID_005056C000010A6402_1337228859 Label:BP_gunner SpatiallyLoaded:1 Bounds:IsValid=true, Min=(X=7110.000 Y=7300.000 Z=15.000), Max=(X=7210.000 Y=7400.000 Z=220.000) RuntimeGrid:None EditorOnly:0 RuntimeOnly:0 HLODRelevant:0 ListedInSceneOutliner:1 IsMainWorldOnly:0
 |   |   |- [+] [ 31]
 |   |   |   |- Guid:A825968047C3F1FE2FD6E2A754B0C25C BaseClass:/Game/Interface/Troops/BP_gunner.BP_gunner_C NativeClass:/Script/Engine.Pawn Name:BP_gunner_C_UAID_005056C000010A6402_1339296860 Label:BP_gunner2 SpatiallyLoaded:1 Bounds:IsValid=true, Min=(X=8040.000 Y=7230.000 Z=15.000), Max=(X=8140.000 Y=7330.000 Z=220.000) RuntimeGrid:None EditorOnly:0 RuntimeOnly:0 HLODRelevant:0 ListedInSceneOutliner:1 IsMainWorldOnly:0
 |   |   |- [+] [ 32]
 |   |   |   |- Guid:B09C3A004D32B6FF970B3E9294DA3C81 BaseClass: NativeClass:/Script/Engine.StaticMeshActor Name:StaticMeshActor_UAID_00155D8B73D8CF1B02_1199787442 Label:Hexgridactor SpatiallyLoaded:1 Bounds:IsValid=true, Min=(X=920.000 Y=1810.000 Z=0.000), Max=(X=920.000 Y=1810.000 Z=0.000) RuntimeGrid:None EditorOnly:0 RuntimeOnly:0 HLODRelevant:0 ListedInSceneOutliner:1 IsMainWorldOnly:0
 |   |   |- [+] [ 33]
 |   |   |   |- Guid:B638F0CA47CE45A13171429FCE03FC6E BaseClass: NativeClass:/Script/Engine.PlayerStart Name:PlayerStart_UAID_50C2E8DFA330541F02_1506775015 Label:PlayerStart SpatiallyLoaded:0 Bounds:IsValid=true, Min=(X=7640.000 Y=8090.000 Z=138.000), Max=(X=7720.000 Y=8170.000 Z=322.000) RuntimeGrid:None EditorOnly:0 RuntimeOnly:0 HLODRelevant:0 ListedInSceneOutliner:1 IsMainWorldOnly:0
 |   |   |- [+] [ 34]
 |   |   |   |- Guid:BCE0A65F4167BD00AFCE4EB448B84B38 BaseClass:/Game/Building/Resources/CashWood/BP_CashNode.BP_CashNode_C NativeClass:/Script/Engine.Pawn Name:BP_CashNode_C_UAID_00155D9F6C51596602_1996558872 Label:BP_CashNode2 SpatiallyLoaded:1 Bounds:IsValid=true, Min=(X=6120.000 Y=6440.000 Z=-280.000), Max=(X=6720.000 Y=7040.000 Z=320.000) RuntimeGrid:None EditorOnly:0 RuntimeOnly:0 HLODRelevant:0 ListedInSceneOutliner:1 IsMainWorldOnly:0
 |   |   |- [+] [ 35]
 |   |   |   |- Guid:BF845B744909837C3BBE73957379233F BaseClass:/Game/TroopMover/BP_vehicle.BP_vehicle_C NativeClass:/Script/Engine.Pawn Name:BP_vehicle_C_UAID_282E89298AFDF14602_1200875831 Label:BP_vehicle SpatiallyLoaded:1 Bounds:IsValid=true, Min=(X=230.000 Y=670.000 Z=-485.000), Max=(X=330.000 Y=770.000 Z=-391.000) RuntimeGrid:None EditorOnly:0 RuntimeOnly:0 HLODRelevant:0 ListedInSceneOutliner:1 IsMainWorldOnly:0
 |   |   |- [+] [ 36]
 |   |   |   |- Guid:C13F2DD345834663786EB5A4CD5EACB0 BaseClass:/Game/Interface/Troops/BP_spearman.BP_spearman_C NativeClass:/Script/Engine.Pawn Name:BP_spearman_C_UAID_005056C000010A6402_1352656864 Label:BP_spearman2 SpatiallyLoaded:1 Bounds:IsValid=true, Min=(X=7990.000 Y=7080.000 Z=15.000), Max=(X=8101.500 Y=7180.000 Z=220.000) RuntimeGrid:None EditorOnly:0 RuntimeOnly:0 HLODRelevant:0 ListedInSceneOutliner:1 IsMainWorldOnly:0
 |   |   |- [+] [ 37]
 |   |   |   |- Guid:C3E63CFE4A058EF6AD50E0B3F7D30922 BaseClass:/Game/Building/Resources/DipSteel/BP_DipNode.BP_DipNode_C NativeClass:/Script/Engine.Pawn Name:BP_DipNode_C_UAID_509A4C4E5631E45C02_1233371776 Label:BP_DipNode SpatiallyLoaded:1 Bounds:IsValid=true, Min=(X=2680.000 Y=-1070.000 Z=-780.000), Max=(X=3280.000 Y=-470.000 Z=-180.000) RuntimeGrid:None EditorOnly:0 RuntimeOnly:0 HLODRelevant:0 ListedInSceneOutliner:1 IsMainWorldOnly:0
 |   |   |- [+] [ 38]
 |   |   |   |- Guid:C9BC9B6F4AA12D2E3C3DC0BF58B785F3 BaseClass:/Game/Interface/Troops/BP_Builder.BP_Builder_C NativeClass:/Script/Engine.Pawn Name:BP_Builder_C_UAID_00155D016A002E6402_1836860191 Label:BP_Builder2 SpatiallyLoaded:1 Bounds:IsValid=true, Min=(X=7660.000 Y=7540.000 Z=15.000), Max=(X=7820.000 Y=7700.000 Z=220.000) RuntimeGrid:None EditorOnly:0 RuntimeOnly:0 HLODRelevant:0 ListedInSceneOutliner:1 IsMainWorldOnly:0
 |   |   |- [+] [ 39]
 |   |   |   |- Guid:C9DE3A8E4D8C48C171008ABE2D549AA4 BaseClass:/Game/Building/Buildings/Trailer/BP_Trailer.BP_Trailer_C NativeClass:/Script/Engine.Pawn Name:BP_Trailer_C_UAID_005056C000010A6402_1288589855 Label:BP_Trailer SpatiallyLoaded:1 Bounds:IsValid=true, Min=(X=7370.000 Y=6780.000 Z=-280.000), Max=(X=7970.000 Y=7380.000 Z=320.000) RuntimeGrid:None EditorOnly:0 RuntimeOnly:0 HLODRelevant:0 ListedInSceneOutliner:1 IsMainWorldOnly:0
 |   |   |- [+] [ 40]
 |   |   |   |- Guid:D24D61B944EF71BE7BC469B7EB239299 BaseClass: NativeClass:/Script/Engine.ExponentialHeightFog Name:ExponentialHeightFog_1 Label:ExponentialHeightFog SpatiallyLoaded:0 Bounds:IsValid=true, Min=(X=-5600.000 Y=-50.000 Z=-6850.000), Max=(X=-5600.000 Y=-50.000 Z=-6850.000) RuntimeGrid:None EditorOnly:0 RuntimeOnly:0 HLODRelevant:0 ListedInSceneOutliner:1 IsMainWorldOnly:0 FolderPath:Lighting FolderGuid:4C9334684BA61B42C769F799D2576455
 |   |   |- [+] [ 41]
 |   |   |   |- Guid:DD4A44424FAA40A30B44AFBBA30B322E BaseClass:/Game/Building/Resources/BeerIronOre/BP_BeerNode.BP_BeerNode_C NativeClass:/Script/Engine.Pawn Name:BP_BeerNode_C_UAID_509A4C4E56315E5B02_1959802135 Label:BP_BeerNode SpatiallyLoaded:1 Bounds:IsValid=true, Min=(X=400.000 Y=-1060.000 Z=-780.000), Max=(X=1000.000 Y=-460.000 Z=-180.000) RuntimeGrid:None EditorOnly:0 RuntimeOnly:0 HLODRelevant:0 ListedInSceneOutliner:1 IsMainWorldOnly:0
 |   |   |- [+] [ 42]
 |   |   |   |- Guid:EED958374D76B70893225B8C93105B6C BaseClass:/Game/Building/Resources/DipSteel/BP_DipNode.BP_DipNode_C NativeClass:/Script/Engine.Pawn Name:BP_DipNode_C_UAID_00155D9F6C51596602_2004710873 Label:BP_DipNode2 SpatiallyLoaded:1 Bounds:IsValid=true, Min=(X=8080.000 Y=7560.000 Z=-280.000), Max=(X=8680.000 Y=8160.000 Z=320.000) RuntimeGrid:None EditorOnly:0 RuntimeOnly:0 HLODRelevant:0 ListedInSceneOutliner:1 IsMainWorldOnly:0
 |- ContainerInstances:
 |- [+] MainContainer:
 |   |-        ID: 00000000000000000000000000000000
 |   |-  ParentID: 00000000000000000000000000000000
 |   |-    Bounds: IsValid=false, Min=(X=0.000 Y=0.000 Z=0.000), Max=(X=0.000 Y=0.000 Z=0.000)
 |   |- Transform: 0.000000,0.000000,0.000000|0.000000,0.000000,-0.000000|1.000000,1.000000,1.000000
 |   |- Container: /Game/TopDown/Maps/TopDownMap
----------------------------------------------------------------------------------------------------------------
TopDownMap - Persistent Level
----------------------------------------------------------------------------------------------------------------
[+] Content of TopDownMap Persistent Level
 |- Always loaded Actor Count: 51 
 |- Actor Path: /Game/TopDown/Maps/TopDownMap.TopDownMap:PersistentLevel.AbstractNavData-Default
 |- Actor Package: /Game/TopDown/Maps/TopDownMap
 |- Actor Path: /Game/TopDown/Maps/TopDownMap.TopDownMap:PersistentLevel.BP_attackThis_C_UAID_50C2E8DFA3306E3802_1790724992
 |- Actor Package: /Game/__ExternalActors__/TopDown/Maps/TopDownMap/2/UQ/TDHWRTFVP39PLI0ZQKMCB1
 |- Actor Path: /Game/TopDown/Maps/TopDownMap.TopDownMap:PersistentLevel.BP_BeerNode_C_UAID_00155D9F6C51596602_1990857871
 |- Actor Package: /Game/__ExternalActors__/TopDown/Maps/TopDownMap/D/B3/3FWREKXT0B1D86RB54GAZ8
 |- Actor Path: /Game/TopDown/Maps/TopDownMap.TopDownMap:PersistentLevel.BP_BeerNode_C_UAID_509A4C4E56315E5B02_1959802135
 |- Actor Package: /Game/__ExternalActors__/TopDown/Maps/TopDownMap/0/O1/XDHL3XTDFDXFCBZYGQQMEN
 |- Actor Path: /Game/TopDown/Maps/TopDownMap.TopDownMap:PersistentLevel.BP_bomber_C_UAID_005056C000010A6402_1317992856
 |- Actor Package: /Game/__ExternalActors__/TopDown/Maps/TopDownMap/D/8Z/GKKZRAQARBSZ5NCT57DBLC
 |- Actor Path: /Game/TopDown/Maps/TopDownMap.TopDownMap:PersistentLevel.BP_bomber_C_UAID_005056C000010A6402_1320979857
 |- Actor Package: /Game/__ExternalActors__/TopDown/Maps/TopDownMap/B/ZZ/BD74HM3UDP5OF7Z0I26RVU
 |- Actor Path: /Game/TopDown/Maps/TopDownMap.TopDownMap:PersistentLevel.BP_Builder_C_UAID_00155D016A002E6402_1836860191
 |- Actor Package: /Game/__ExternalActors__/TopDown/Maps/TopDownMap/A/DC/9V0SPPN36AWQ6NXGAPXZLJ
 |- Actor Path: /Game/TopDown/Maps/TopDownMap.TopDownMap:PersistentLevel.BP_Builder_C_UAID_005056C000010A6402_1332134858
 |- Actor Package: /Game/__ExternalActors__/TopDown/Maps/TopDownMap/A/US/BSHOUBJE2JEDJRVMWM1GZL
 |- Actor Path: /Game/TopDown/Maps/TopDownMap.TopDownMap:PersistentLevel.BP_Builder_C_UAID_509A4C4E5631215402_1708259007
 |- Actor Package: /Game/__ExternalActors__/TopDown/Maps/TopDownMap/4/0A/Q5EO44CNHM1USGSUWI1N78
 |- Actor Path: /Game/TopDown/Maps/TopDownMap.TopDownMap:PersistentLevel.BP_BuildingSelectable_C_UAID_00155D9F6C515C6602_1667749399
 |- Actor Package: /Game/__ExternalActors__/TopDown/Maps/TopDownMap/8/M8/D84QGMVN8FM1G5KDWFGWIJ
 |- Actor Path: /Game/TopDown/Maps/TopDownMap.TopDownMap:PersistentLevel.BP_CashNode_C_UAID_00155D9F6C51596602_1996558872
 |- Actor Package: /Game/__ExternalActors__/TopDown/Maps/TopDownMap/2/Z5/GREFE8P2URI7SMU8Z56SZH
 |- Actor Path: /Game/TopDown/Maps/TopDownMap.TopDownMap:PersistentLevel.BP_CashNode_C_UAID_509A4C4E5631E45C02_1227573775
 |- Actor Package: /Game/__ExternalActors__/TopDown/Maps/TopDownMap/7/E6/T4W0NS82U8XJCWUGD8Z1FT
 |- Actor Path: /Game/TopDown/Maps/TopDownMap.TopDownMap:PersistentLevel.BP_DipNode_C_UAID_00155D9F6C51596602_2004710873
 |- Actor Package: /Game/__ExternalActors__/TopDown/Maps/TopDownMap/6/3C/L01YEERP651ZQWEXQQPRZ6
 |- Actor Path: /Game/TopDown/Maps/TopDownMap.TopDownMap:PersistentLevel.BP_DipNode_C_UAID_509A4C4E5631E45C02_1233371776
 |- Actor Package: /Game/__ExternalActors__/TopDown/Maps/TopDownMap/8/8P/WKIZVV6WF7FKMC41QKTNNF
 |- Actor Path: /Game/TopDown/Maps/TopDownMap.TopDownMap:PersistentLevel.BP_gunner_C_UAID_005056C000010A6402_1337228859
 |- Actor Package: /Game/__ExternalActors__/TopDown/Maps/TopDownMap/5/QB/V91MHIVRG72WY4U4QGPGAL
 |- Actor Path: /Game/TopDown/Maps/TopDownMap.TopDownMap:PersistentLevel.BP_gunner_C_UAID_005056C000010A6402_1339296860
 |- Actor Package: /Game/__ExternalActors__/TopDown/Maps/TopDownMap/4/RJ/CD7A0N58VIM3EMVH9O60T1
 |- Actor Path: /Game/TopDown/Maps/TopDownMap.TopDownMap:PersistentLevel.BP_HERO_C_UAID_005056C000010A6402_1344214861
 |- Actor Package: /Game/__ExternalActors__/TopDown/Maps/TopDownMap/C/EB/KWSCR0DMDBOCUMCVXIKTAW
 |- Actor Path: /Game/TopDown/Maps/TopDownMap.TopDownMap:PersistentLevel.BP_HERO_C_UAID_005056C000010A6402_1346793862
 |- Actor Package: /Game/__ExternalActors__/TopDown/Maps/TopDownMap/8/VU/XSEMB24HFQVKLGU6I27TLB
 |- Actor Path: /Game/TopDown/Maps/TopDownMap.TopDownMap:PersistentLevel.BP_HERO_C_UAID_509A4C4E56312B4E02_1261763433
 |- Actor Package: /Game/__ExternalActors__/TopDown/Maps/TopDownMap/C/5W/45FBVW185IO1U4K1S61283
 |- Actor Path: /Game/TopDown/Maps/TopDownMap.TopDownMap:PersistentLevel.BP_HexGrid_C_UAID_00155D016A00CD1C02_1499329852
 |- Actor Package: /Game/__ExternalActors__/TopDown/Maps/TopDownMap/6/ND/ZT505HN0IDOXV9T3APNXRH
 |- Actor Path: /Game/TopDown/Maps/TopDownMap.TopDownMap:PersistentLevel.BP_spearman_C_UAID_005056C000010A6402_1350406863
 |- Actor Package: /Game/__ExternalActors__/TopDown/Maps/TopDownMap/A/9K/FPBZI0NAZVLAZJNH0L16EC
 |- Actor Path: /Game/TopDown/Maps/TopDownMap.TopDownMap:PersistentLevel.BP_spearman_C_UAID_005056C000010A6402_1352656864
 |- Actor Package: /Game/__ExternalActors__/TopDown/Maps/TopDownMap/E/E8/IYTZ8EG7JZENJIDXOB22UQ
 |- Actor Path: /Game/TopDown/Maps/TopDownMap.TopDownMap:PersistentLevel.BP_SunRotation_C_UAID_00155D8B73D8313202_1859531919
 |- Actor Package: /Game/__ExternalActors__/TopDown/Maps/TopDownMap/B/9N/0X2LPFIGHHNXGJV7A7W1IC
 |- Actor Path: /Game/TopDown/Maps/TopDownMap.TopDownMap:PersistentLevel.BP_tank_C_UAID_005056C000010A6402_1355593865
 |- Actor Package: /Game/__ExternalActors__/TopDown/Maps/TopDownMap/9/GJ/XE5412BV1I28P5T7FLE12M
 |- Actor Path: /Game/TopDown/Maps/TopDownMap.TopDownMap:PersistentLevel.BP_tank_C_UAID_005056C000010A6402_1357728866
 |- Actor Package: /Game/__ExternalActors__/TopDown/Maps/TopDownMap/2/K1/C3NHVH1XW8FRLOCLDFA3M4
 |- Actor Path: /Game/TopDown/Maps/TopDownMap.TopDownMap:PersistentLevel.BP_Trailer_C_UAID_005056C000010A6402_1288589855
 |- Actor Package: /Game/__ExternalActors__/TopDown/Maps/TopDownMap/3/QJ/APXHX3GDHOESP1UKBLR6U7
 |- Actor Path: /Game/TopDown/Maps/TopDownMap.TopDownMap:PersistentLevel.BP_Trailer_C_UAID_509A4C4E5631695B02_1769376071
 |- Actor Package: /Game/__ExternalActors__/TopDown/Maps/TopDownMap/9/H0/CYQEY48A3W3O53MLZZBAMN
 |- Actor Path: /Game/TopDown/Maps/TopDownMap.TopDownMap:PersistentLevel.BP_vehicle_C_UAID_282E89298AFDF14602_1200875831
 |- Actor Package: /Game/__ExternalActors__/TopDown/Maps/TopDownMap/A/8B/BEDTP0LPONRABK17DJBHLW
 |- Actor Path: /Game/TopDown/Maps/TopDownMap.TopDownMap:PersistentLevel.Brush_0
 |- Actor Package: /Game/TopDown/Maps/TopDownMap
 |- Actor Path: /Game/TopDown/Maps/TopDownMap.TopDownMap:PersistentLevel.builder_C_UAID_00155D8B73D8A63502_2050426680
 |- Actor Package: /Game/__ExternalActors__/TopDown/Maps/TopDownMap/B/39/AX1P1GV1BHXEXBKFQOVTEY
 |- Actor Path: /Game/TopDown/Maps/TopDownMap.TopDownMap:PersistentLevel.DefaultPhysicsVolume_0
 |- Actor Package: /Game/TopDown/Maps/TopDownMap
 |- Actor Path: /Game/TopDown/Maps/TopDownMap.TopDownMap:PersistentLevel.DirectionalLight_1
 |- Actor Package: /Game/__ExternalActors__/TopDown/Maps/TopDownMap/A/LM/VRK8UAZR3J2TAKS74SHCUD
 |- Actor Path: /Game/TopDown/Maps/TopDownMap.TopDownMap:PersistentLevel.ExponentialHeightFog_1
 |- Actor Package: /Game/__ExternalActors__/TopDown/Maps/TopDownMap/6/BO/BYV4KSLUROOOL33DU1XUWQ
 |- Actor Path: /Game/TopDown/Maps/TopDownMap.TopDownMap:PersistentLevel.GameplayDebuggerPlayerManager_0
 |- Actor Package: /Game/TopDown/Maps/TopDownMap
 |- Actor Path: /Game/TopDown/Maps/TopDownMap.TopDownMap:PersistentLevel.NavLinkProxy_3
 |- Actor Package: /Game/__ExternalActors__/TopDown/Maps/TopDownMap/5/UT/JRUWL9PVCAH3XSUMXP4CC1
 |- Actor Path: /Game/TopDown/Maps/TopDownMap.TopDownMap:PersistentLevel.NavMeshBoundsVolume_UAID_50C2E8DFA3306E3802_2140386993
 |- Actor Package: /Game/__ExternalActors__/TopDown/Maps/TopDownMap/8/CL/K4HG0FWLVZW1BQ1S056QIP
 |- Actor Path: /Game/TopDown/Maps/TopDownMap.TopDownMap:PersistentLevel.PlayerStart_UAID_50C2E8DFA330541F02_1506775015
 |- Actor Package: /Game/__ExternalActors__/TopDown/Maps/TopDownMap/D/XK/9I708VXID73SKM98V5GBQC
 |- Actor Path: /Game/TopDown/Maps/TopDownMap.TopDownMap:PersistentLevel.PostProcessVolume_1
 |- Actor Package: /Game/__ExternalActors__/TopDown/Maps/TopDownMap/6/VI/ESHAVRHFZFA2JDR9ZAQIOE
 |- Actor Path: /Game/TopDown/Maps/TopDownMap.TopDownMap:PersistentLevel.RecastNavMesh-Default
 |- Actor Package: /Game/TopDown/Maps/TopDownMap
 |- Actor Path: /Game/TopDown/Maps/TopDownMap.TopDownMap:PersistentLevel.SkyAtmosphere_1
 |- Actor Package: /Game/__ExternalActors__/TopDown/Maps/TopDownMap/5/YN/TCNGOWDVRBFBJ5YZR7VI7S
 |- Actor Path: /Game/TopDown/Maps/TopDownMap.TopDownMap:PersistentLevel.SkyLight_1
 |- Actor Package: /Game/__ExternalActors__/TopDown/Maps/TopDownMap/E/LR/47NTFRDFK6M7265A1UYTOW
 |- Actor Path: /Game/TopDown/Maps/TopDownMap.TopDownMap:PersistentLevel.StaticMeshActor_UAID_00155D8B73D8CF1B02_1199787442
 |- Actor Package: /Game/__ExternalActors__/TopDown/Maps/TopDownMap/6/VZ/CHXR1P4IRFGUDF4NN1GQBX
 |- Actor Path: /Game/TopDown/Maps/TopDownMap.TopDownMap:PersistentLevel.StaticMeshActor_UAID_A4AE111137DC5CFB00_1660657071
 |- Actor Package: /Game/__ExternalActors__/TopDown/Maps/TopDownMap/C/MV/UE2U7GTDT7WM2AVP83861S
 |- Actor Path: /Game/TopDown/Maps/TopDownMap.TopDownMap:PersistentLevel.TopDownMap_C_0
 |- Actor Package: /Game/TopDown/Maps/TopDownMap
 |- Actor Path: /Game/TopDown/Maps/TopDownMap.TopDownMap:PersistentLevel.Troop1_C_UAID_00155D016A00802202_1869426927
 |- Actor Package: /Game/__ExternalActors__/TopDown/Maps/TopDownMap/9/NQ/LOYA8LWE7VYNOBZCS5RHWT
 |- Actor Path: /Game/TopDown/Maps/TopDownMap.TopDownMap:PersistentLevel.Troop1_C_UAID_50C2E8DFA330432602_2132238415
 |- Actor Package: /Game/__ExternalActors__/TopDown/Maps/TopDownMap/4/4B/Z5W80KVKTPEBZOTXMVMT89
 |- Actor Path: /Game/TopDown/Maps/TopDownMap.TopDownMap:PersistentLevel.Troop1_C_UAID_50C2E8DFA330452602_1126007768
 |- Actor Package: /Game/__ExternalActors__/TopDown/Maps/TopDownMap/5/N0/LI01T6N9WB6VGKBY8SZ7UU
 |- Actor Path: /Game/TopDown/Maps/TopDownMap.TopDownMap:PersistentLevel.VolumetricCloud_0
 |- Actor Package: /Game/__ExternalActors__/TopDown/Maps/TopDownMap/6/GY/HOVAYB977GD5L9YGZ5S1T6
 |- Actor Path: /Game/TopDown/Maps/TopDownMap.TopDownMap:PersistentLevel.WorldDataLayers
 |- Actor Package: /Game/__ExternalActors__/TopDown/Maps/TopDownMap/A/RN/FHX05LPSBNMAJG3SW97PS7
 |- Actor Path: /Game/TopDown/Maps/TopDownMap.TopDownMap:PersistentLevel.WorldInfo_0
 |- Actor Package: /Game/TopDown/Maps/TopDownMap
 |- Actor Path: /Game/TopDown/Maps/TopDownMap.TopDownMap:PersistentLevel.WorldPartitionMiniMap_0
 |- Actor Package: /Game/__ExternalActors__/TopDown/Maps/TopDownMap/8/YS/FOXTUL6MPN05XEWRDRZ58J

----------------------------------------------------------------------------------------------------------------
TopDownMap - Runtime Spatial Hash - Streaming Grid - MainGrid
----------------------------------------------------------------------------------------------------------------
            Origin: X=0.000 Y=0.000 Z=0.000
         Cell Size: 12800
      World Bounds: IsValid=false, Min=(X=0.000 Y=0.000 Z=0.000), Max=(X=0.000 Y=0.000 Z=0.000)
     Loading Range: 25600.00
Block Slow Loading: No
 ClientOnlyVisible: No
            Origin: X=0.000 Y=0.000 Z=0.000

[+] Grid Levels: 1
 |- Level  0: Cell Count    0 | Cell Size   12800 | Actor Count    0 (0.0%)

[+] Content of Grid Level 0

